// Jest Snapshot v1, https://goo.gl/fbAQLP

exports[`<Menu /> should render the heading 1`] = `
.c0 {
  -webkit-flex: 0.05;
  -ms-flex: 0.05;
  flex: 0.05;
}

<main
  class="c0"
>
  <h1>
    Menu
  </h1>
</main>
`;
